build: {"commit":"912b52678bd46bc8f0b77566de7ceabfdc686719","builtAt":"2026-09-26T06:56:03.966Z"}
      polish-c day header: "Mira's Flow NILE STUDIO · CAIRO a field journal of days ✿" | topbar: "MIRA'S FLOW · SAT 26 SEPT · SYNCED ● · CAIRO AFRICA/CAIRO"
PASS  polish-c: sidebar names the owner  — Mira's Flow NILE STUDIO · CAIRO a field journal of days ✿
PASS  polish-c: topbar names the owner  — MIRA'S FLOW · SAT 26 SEPT · SYNCED ● · CAIRO AFRICA/CAIRO
      shot ./shots/after-desktop-day-today.png
      shot ./shots/after-desktop-day-activity.png
      activity rows:
        Created task "Water the basil 9081" 09:51 TASKS added to tasks
        Captured "offline seeds 9081" 09:51 INBOX quick capture
        Created task "Water the basil 7469" 09:51 TASKS added to tasks
        Captured "offline seeds 7469" 09:51 INBOX quick capture
        Created task "Water the basil 9062" 09:49 TASKS added to tasks
        Captured "offline seeds 9062" 09:49 INBOX quick capture
        Created task "Water the basil 7532" 09:49 TASKS added to tasks
        Captured "offline seeds 7532" 09:49 INBOX quick capture
        Planted a new routine — "Evening stretch 0634" 09:34 ROUTINES evening
        Kept writing in the journal 09:34 JOURNAL
        Captured "basil seeds for the balcony 0634" 09:34 INBOX quick capture
        Logged an interaction with "Salma 0634" 09:34 PEOPLE coffee, talked about the jasmine
        Added "Salma 0634" to People 09:34 PEOPLE new in the clover patch
        Planted a new routine — "Evening stretch 0614" 09:14 ROUTINES evening
PASS  activity: no in-page "Kai's Flow · Activity" strip  — found 0
PASS  activity: no "Logged an interaction" for a new person  — interaction rows: 1
PASS  activity: no placeholder "inbox item"
PASS  activity: no placeholder "journal"
PASS  activity: no "Routine updated" for a new routine
PASS  activity: no raw event names
PASS  activity: a real interaction names the person
PASS  activity: plural fixed ("1 events" gone)
      shot ./shots/after-desktop-day-search-page.png
      search page: 1 real input(s), query shown in 1 search box(es), "0 results" x0
PASS  search page: one search box  — inputs 1, boxes 1
PASS  search page: at most one count line  — "0 results" x0
PASS  search page: failure is not "Nothing's come up"
PASS  search page: calm resting copy
PASS  search page: never the word "error"
PASS  search page: retry offered
PASS  search page: retry re-asks (still resting locally)  — new console lines 1
      shot ./shots/after-desktop-day-search-overlay.png
PASS  overlay: failure is not "Nothing's come up"
PASS  overlay: calm resting copy
PASS  overlay: never the word "error"
      polish-c night header: "Mira's Flow NILE STUDIO · CAIRO a field journal of days ✿" | topbar: "MIRA'S FLOW · SAT 26 SEPT · SYNCED ● · CAIRO AFRICA/CAIRO"
      shot ./shots/after-desktop-night-today.png
      shot ./shots/after-desktop-night-activity.png
      shot ./shots/after-desktop-night-search-page.png
      shot ./shots/after-desktop-night-search-overlay.png
      shot ./shots/after-phone-day-today.png
      phone day topbar: "MIRA'S FLOW · SAT 26 SEPT · SYNCED ● · CAIRO AFRICA/CAIRO"
      shot ./shots/after-phone-day-more-sheet.png
      more rows: Routines(/routines) 169x55 · Inbox
6(/inbox) 169x55 · Review(/weekly-review) 169x55 · Journal(/journal) 169x55 · People(/people) 169x54 · Settings(/settings) 169x54 · Focus(/focus) 169x54 · Tasks(/tasks) 169x54 · Projects(/projects) 169x54 · Activity(/activity) 169x54 · Trash(/trash) 169x54
PASS  more sheet: every row ≥44px tall  — 55,55,55,55,54,54,54,54,54,54,54
PASS  phone: no horizontal overflow with the sheet open
PASS  more sheet → Tasks  — /tasks
      shot ./shots/after-phone-day-via-more-tasks.png
PASS  more sheet → Projects  — /projects
      shot ./shots/after-phone-day-via-more-projects.png
PASS  more sheet → Activity  — /activity
      shot ./shots/after-phone-day-via-more-activity.png
PASS  more sheet → Trash  — /trash
      shot ./shots/after-phone-day-via-more-trash.png
      phone activity rows:
        Created task "Water the basil 9081" TASKS 09:51
        Captured "offline seeds 9081" INBOX 09:51
        Created task "Water the basil 7469" TASKS 09:51
        Captured "offline seeds 7469" INBOX 09:51
        Created task "Water the basil 9062" TASKS 09:49
        Captured "offline seeds 9062" INBOX 09:49
      shot ./shots/after-phone-night-today.png
      phone night topbar: "MIRA'S FLOW · SAT 26 SEPT · SYNCED ● · CAIRO AFRICA/CAIRO"
      shot ./shots/after-phone-night-more-sheet.png
      kai.local@example.com: gate offered /onboarding (never onboarded) → going to /today without answering
      kai.local desktop header: "Kai's Flow PERSONAL · CAIRO a field journal of days ✿" | topbar: "KAI'S FLOW · SAT 26 SEPT · SYNCED ● · CAIRO AFRICA/CAIRO"
PASS  kai.local: sidebar header unchanged (Kai's Flow · Personal · Cairo)  — Kai's Flow PERSONAL · CAIRO a field journal of days ✿
PASS  kai.local: topbar starts Kai's Flow  — KAI'S FLOW · SAT 26 SEPT · SYNCED ● · CAIRO AFRICA/CAIRO
      shot ./shots/after-kai-desktop-today.png
      kai.local@example.com: gate offered /onboarding (never onboarded) → going to /today without answering
      kai.local phone header: "Kai's FlowPersonal · Cairoa field journal of days ✿" | topbar: "KAI'S FLOW · SAT 26 SEPT · SYNCED ● · CAIRO AFRICA/CAIRO"
      shot ./shots/after-kai-phone-today.png
      shot ./shots/after-kai-phone-more-sheet.png

console/request lines: 40 total, 11 other than open-meteo
  desktop-day FAILED https://api.open-meteo.com/v1/forecast?latitude=30.0444&longitude=31.2357&current_weather= net::ERR_TUNNEL_CONNECTION_FAILED
  desktop-day /today: Failed to load resource: net::ERR_TUNNEL_CONNECTION_FAILED
  desktop-day FAILED https://api.open-meteo.com/v1/forecast?latitude=30.0444&longitude=31.2357&current_weather= net::ERR_TUNNEL_CONNECTION_FAILED
  desktop-day /activity: Failed to load resource: net::ERR_TUNNEL_CONNECTION_FAILED
  desktop-day FAILED https://api.open-meteo.com/v1/forecast?latitude=30.0444&longitude=31.2357&current_weather= net::ERR_TUNNEL_CONNECTION_FAILED
  desktop-day /search: Failed to load resource: net::ERR_TUNNEL_CONNECTION_FAILED
  desktop-day /search: Failed to load resource: the server responded with a status of 503 (Service Unavailable)
  desktop-day /search: Failed to load resource: the server responded with a status of 503 (Service Unavailable)
  desktop-day FAILED https://api.open-meteo.com/v1/forecast?latitude=30.0444&longitude=31.2357&current_weather= net::ERR_TUNNEL_CONNECTION_FAILED
  desktop-day /today: Failed to load resource: net::ERR_TUNNEL_CONNECTION_FAILED
  desktop-day /today: Failed to load resource: the server responded with a status of 503 (Service Unavailable)
  desktop-night FAILED https://api.open-meteo.com/v1/forecast?latitude=30.0444&longitude=31.2357&current_weather= net::ERR_TUNNEL_CONNECTION_FAILED
  desktop-night /today: Failed to load resource: net::ERR_TUNNEL_CONNECTION_FAILED
  desktop-night FAILED https://api.open-meteo.com/v1/forecast?latitude=30.0444&longitude=31.2357&current_weather= net::ERR_TUNNEL_CONNECTION_FAILED
  desktop-night /activity: Failed to load resource: net::ERR_TUNNEL_CONNECTION_FAILED
  desktop-night FAILED https://api.open-meteo.com/v1/forecast?latitude=30.0444&longitude=31.2357&current_weather= net::ERR_TUNNEL_CONNECTION_FAILED
  desktop-night /search: Failed to load resource: net::ERR_TUNNEL_CONNECTION_FAILED
  desktop-night /search: Failed to load resource: the server responded with a status of 503 (Service Unavailable)
  desktop-night FAILED https://api.open-meteo.com/v1/forecast?latitude=30.0444&longitude=31.2357&current_weather= net::ERR_TUNNEL_CONNECTION_FAILED
  desktop-night /today: Failed to load resource: net::ERR_TUNNEL_CONNECTION_FAILED
  desktop-night /today: Failed to load resource: the server responded with a status of 503 (Service Unavailable)
  phone-day FAILED https://api.open-meteo.com/v1/forecast?latitude=30.0444&longitude=31.2357&current_weather= net::ERR_TUNNEL_CONNECTION_FAILED
  phone-day /today: Failed to load resource: net::ERR_TUNNEL_CONNECTION_FAILED
  phone-day FAILED https://api.open-meteo.com/v1/forecast?latitude=30.0444&longitude=31.2357&current_weather= net::ERR_TUNNEL_CONNECTION_FAILED
  phone-day /activity: Failed to load resource: net::ERR_TUNNEL_CONNECTION_FAILED
  phone-night FAILED https://api.open-meteo.com/v1/forecast?latitude=30.0444&longitude=31.2357&current_weather= net::ERR_TUNNEL_CONNECTION_FAILED
  phone-night /today: Failed to load resource: net::ERR_TUNNEL_CONNECTION_FAILED
  kai-desktop FAILED https://api.open-meteo.com/v1/forecast?latitude=30.0444&longitude=31.2357&current_weather= net::ERR_TUNNEL_CONNECTION_FAILED
  kai-desktop /: Failed to load resource: net::ERR_TUNNEL_CONNECTION_FAILED
  kai-desktop FAILED http://127.0.0.1:5233/favicon.svg net::ERR_ABORTED
  kai-desktop FAILED http://127.0.0.1:5233/ds/assets/clover/awake.png net::ERR_ABORTED
  kai-desktop FAILED http://127.0.0.1:5233/ds/assets/cherry/bud.png net::ERR_ABORTED
  kai-desktop FAILED http://127.0.0.1:5233/ds/assets/hydrangea/light.png net::ERR_ABORTED
  kai-desktop FAILED http://127.0.0.1:5233/ds/assets/daisy/midday.png net::ERR_ABORTED
  kai-desktop FAILED http://127.0.0.1:5233/assets/source-serif-4-latin-500-normal-CUHe9xxf.woff2 net::ERR_ABORTED
  kai-desktop FAILED https://api.open-meteo.com/v1/forecast?latitude=30.0444&longitude=31.2357&current_weather= net::ERR_TUNNEL_CONNECTION_FAILED
  kai-desktop /today: Failed to load resource: net::ERR_TUNNEL_CONNECTION_FAILED
  kai-phone FAILED https://api.open-meteo.com/v1/forecast?latitude=30.0444&longitude=31.2357&current_weather= net::ERR_ABORTED
  kai-phone FAILED https://api.open-meteo.com/v1/forecast?latitude=30.0444&longitude=31.2357&current_weather= net::ERR_TUNNEL_CONNECTION_FAILED
  kai-phone /today: Failed to load resource: net::ERR_TUNNEL_CONNECTION_FAILED

28/28 checks passed
