build: {"commit":"155282096416a2d2dd141a2ede275759d7360c43","builtAt":"2026-09-26T06:49:06.638Z"}
      desktop-day: queue tables ["inbox_items","activity_log","tasks","activity_log"] | strip "OFFLINE ◌ — 4 SAVED HERE"
      desktop-day popover: OFFLINE ◌ · 4 SAVED HERE | INBOX | 'offline seeds 7532' saved | 1 min ago | ACTIVITY_LOG | saved | 1 min ago | TASK | 'Water the basil 7532' saved | 1 min ago | ACTIVITY_LOG | saved | 1 min ago | Everything here syncs the moment you're back.
FAIL  desktop-day: strip counts changes, not queue rows  — OFFLINE ◌ — 4 SAVED HERE (queue 4, changes 2)
FAIL  desktop-day: popover never shows a table name  — OFFLINE ◌ · 4 SAVED HERE | INBOX | 'offline seeds 7532' saved | 1 min ago | ACTIVITY_LOG | saved | 1 min ago | TASK | 'Water the basil 7532' saved | 1 min ago | ACTIVITY_LOG | saved | 1 min ago | Everything here syncs the moment you're back.
FAIL  desktop-day: popover says "changes"  — OFFLINE ◌ · 4 SAVED HERE | INBOX | 'offline seeds 7532' saved | 1 min ago | ACTIVITY_LOG | saved | 1 min ago | TASK | 'Water the basil 7532' saved | 1 min ago | ACTIVITY_LOG | saved | 1 min ago | Everything here syncs the moment you're back.
FAIL  desktop-day: one row per change
PASS  desktop-day: never the word "error"
      shot ./shots/before-offline-desktop-day-popover.png
PASS  desktop-day: back online → Synced  — SYNCED
●
      shot ./shots/before-offline-desktop-day-back-online.png
      phone-night: queue tables ["inbox_items","activity_log","tasks","activity_log"] | strip "OFFLINE ◌ — 4 SAVED HERE"
      phone-night popover: OFFLINE ◌ · 4 SAVED HERE | INBOX | 'offline seeds 9062' saved | 1 min ago | ACTIVITY_LOG | saved | 1 min ago | TASK | 'Water the basil 9062' saved | 1 min ago | ACTIVITY_LOG | saved | 1 min ago | Everything here syncs the moment you're back.
FAIL  phone-night: strip counts changes, not queue rows  — OFFLINE ◌ — 4 SAVED HERE (queue 4, changes 2)
FAIL  phone-night: popover never shows a table name  — OFFLINE ◌ · 4 SAVED HERE | INBOX | 'offline seeds 9062' saved | 1 min ago | ACTIVITY_LOG | saved | 1 min ago | TASK | 'Water the basil 9062' saved | 1 min ago | ACTIVITY_LOG | saved | 1 min ago | Everything here syncs the moment you're back.
FAIL  phone-night: popover says "changes"  — OFFLINE ◌ · 4 SAVED HERE | INBOX | 'offline seeds 9062' saved | 1 min ago | ACTIVITY_LOG | saved | 1 min ago | TASK | 'Water the basil 9062' saved | 1 min ago | ACTIVITY_LOG | saved | 1 min ago | Everything here syncs the moment you're back.
FAIL  phone-night: one row per change
PASS  phone-night: never the word "error"
      shot ./shots/before-offline-phone-night-popover.png
PASS  phone-night: back online → Synced  — SYNCED
●
      shot ./shots/before-offline-phone-night-back-online.png

console/request lines: 8 total, 0 other than open-meteo
  offline-desktop-day FAILED https://api.open-meteo.com/v1/forecast?latitude=30.0444&longitude=31.2357&current_weather= net::ERR_TUNNEL_CONNECTION_FAILED
  offline-desktop-day /today: Failed to load resource: net::ERR_TUNNEL_CONNECTION_FAILED
  offline-desktop-day FAILED https://api.open-meteo.com/v1/forecast?latitude=30.0444&longitude=31.2357&current_weather= net::ERR_TUNNEL_CONNECTION_FAILED
  offline-desktop-day /today: Failed to load resource: net::ERR_TUNNEL_CONNECTION_FAILED
  offline-phone-night FAILED https://api.open-meteo.com/v1/forecast?latitude=30.0444&longitude=31.2357&current_weather= net::ERR_TUNNEL_CONNECTION_FAILED
  offline-phone-night /today: Failed to load resource: net::ERR_TUNNEL_CONNECTION_FAILED
  offline-phone-night FAILED https://api.open-meteo.com/v1/forecast?latitude=30.0444&longitude=31.2357&current_weather= net::ERR_TUNNEL_CONNECTION_FAILED
  offline-phone-night /today: Failed to load resource: net::ERR_TUNNEL_CONNECTION_FAILED

4/12 checks passed
