build: {"commit":"unknown","builtAt":"2026-09-26T06:53:58.205Z"}
      /herbarium: in-page "Kai's Flow · …" strips: 2
FAIL  /herbarium: no in-page strip under the topbar  — 2
      shot ./shots/before-strip-desktop-herbarium.png
      /trash: in-page "Kai's Flow · …" strips: 2
FAIL  /trash: no in-page strip under the topbar  — 2
      shot ./shots/before-strip-desktop-trash.png
      /library: in-page "Kai's Flow · …" strips: 2
FAIL  /library: no in-page strip under the topbar  — 2
      shot ./shots/before-strip-desktop-library.png
      onboarding workspace preview: "KAI'S FLOW · NILE STUDIO · CAIRO"
FAIL  onboarding preview names the owner  — KAI'S FLOW · NILE STUDIO · CAIRO
      shot ./shots/before-onboarding-workspace-preview.png

console/request lines: 8 total, 0 other than open-meteo
  strips FAILED https://api.open-meteo.com/v1/forecast?latitude=30.0444&longitude=31.2357&current_weather= net::ERR_TUNNEL_CONNECTION_FAILED
  strips /today: Failed to load resource: net::ERR_TUNNEL_CONNECTION_FAILED
  strips FAILED https://api.open-meteo.com/v1/forecast?latitude=30.0444&longitude=31.2357&current_weather= net::ERR_TUNNEL_CONNECTION_FAILED
  strips /herbarium: Failed to load resource: net::ERR_TUNNEL_CONNECTION_FAILED
  strips FAILED https://api.open-meteo.com/v1/forecast?latitude=30.0444&longitude=31.2357&current_weather= net::ERR_TUNNEL_CONNECTION_FAILED
  strips /trash: Failed to load resource: net::ERR_TUNNEL_CONNECTION_FAILED
  strips FAILED https://api.open-meteo.com/v1/forecast?latitude=30.0444&longitude=31.2357&current_weather= net::ERR_TUNNEL_CONNECTION_FAILED
  strips /library: Failed to load resource: net::ERR_TUNNEL_CONNECTION_FAILED

0/4 checks passed
