✓ after desktop 1 /today {"zoom":"1","win":800,"doc":800,"signOutBottom":782,"signOutVisible":true,"shell":true}
✓ after desktop 1 /calendar {"zoom":"1","win":800,"doc":800,"signOutBottom":782,"signOutVisible":true,"shell":true}
✓ after desktop 1 /journal {"zoom":"1","win":800,"doc":800,"signOutBottom":782,"signOutVisible":true,"shell":true}
✓ after desktop 1 /settings {"zoom":"1","win":800,"doc":800,"signOutBottom":782,"signOutVisible":true,"shell":true}
✓ after desktop 1.1 /today {"zoom":"1.1","win":800,"doc":800,"signOutBottom":787,"signOutVisible":true,"shell":true}
✓ after desktop 1.1 /calendar {"zoom":"1.1","win":800,"doc":800,"signOutBottom":787,"signOutVisible":true,"shell":true}
✓ after desktop 1.1 /journal {"zoom":"1.1","win":800,"doc":800,"signOutBottom":787,"signOutVisible":true,"shell":true}
✓ after desktop 1.1 /settings {"zoom":"1.1","win":800,"doc":800,"signOutBottom":787,"signOutVisible":true,"shell":true}
✓ after desktop 1.25 /today {"zoom":"1.25","win":800,"doc":800,"signOutBottom":785,"signOutVisible":true,"shell":true}
✓ after desktop 1.25 /calendar {"zoom":"1.25","win":800,"doc":800,"signOutBottom":785,"signOutVisible":true,"shell":true}
✓ after desktop 1.25 /journal {"zoom":"1.25","win":800,"doc":800,"signOutBottom":785,"signOutVisible":true,"shell":true}
✓ after desktop 1.25 /settings {"zoom":"1.25","win":800,"doc":800,"signOutBottom":785,"signOutVisible":true,"shell":true}
✓ after desktop 1.5 /today {"zoom":"1.5","win":800,"doc":800,"signOutBottom":782,"signOutVisible":true,"shell":true}
✓ after desktop 1.5 /calendar {"zoom":"1.5","win":800,"doc":800,"signOutBottom":782,"signOutVisible":true,"shell":true}
✓ after desktop 1.5 /journal {"zoom":"1.5","win":800,"doc":800,"signOutBottom":782,"signOutVisible":true,"shell":true}
✓ after desktop 1.5 /settings {"zoom":"1.5","win":800,"doc":800,"signOutBottom":782,"signOutVisible":true,"shell":true}
✓ after desktop 1.75 /today {"zoom":"1.75","win":800,"doc":800,"signOutBottom":779,"signOutVisible":true,"shell":true}
✓ after desktop 1.75 /calendar {"zoom":"1.75","win":800,"doc":800,"signOutBottom":779,"signOutVisible":true,"shell":true}
✓ after desktop 1.75 /journal {"zoom":"1.75","win":800,"doc":800,"signOutBottom":779,"signOutVisible":true,"shell":true}
✓ after desktop 1.75 /settings {"zoom":"1.75","win":800,"doc":800,"signOutBottom":779,"signOutVisible":true,"shell":true}
✓ after phone 1 /today {"zoom":"1","win":844,"doc":844,"shell":true,"tabTop":795,"underTab":null,"clearOfTab":true}
✓ after phone 1 /calendar {"zoom":"1","win":844,"doc":844,"shell":true,"tabTop":795,"underTab":null,"clearOfTab":true}
✓ after phone 1 /journal {"zoom":"1","win":844,"doc":844,"shell":true,"tabTop":795,"underTab":null,"clearOfTab":true}
✓ after phone 1 /settings {"zoom":"1","win":844,"doc":844,"shell":true,"tabTop":795,"underTab":null,"clearOfTab":true}
✓ after phone 1.1 /today {"zoom":"1.1","win":844,"doc":844,"shell":true,"tabTop":790,"underTab":null,"clearOfTab":true}
✓ after phone 1.1 /calendar {"zoom":"1.1","win":844,"doc":844,"shell":true,"tabTop":790,"underTab":null,"clearOfTab":true}
✓ after phone 1.1 /journal {"zoom":"1.1","win":844,"doc":844,"shell":true,"tabTop":790,"underTab":null,"clearOfTab":true}
✓ after phone 1.1 /settings {"zoom":"1.1","win":844,"doc":844,"shell":true,"tabTop":790,"underTab":null,"clearOfTab":true}
✓ after phone 1.25 /today {"zoom":"1.25","win":844,"doc":844,"shell":true,"tabTop":783,"underTab":null,"clearOfTab":true}
✓ after phone 1.25 /calendar {"zoom":"1.25","win":844,"doc":844,"shell":true,"tabTop":783,"underTab":null,"clearOfTab":true}
✓ after phone 1.25 /journal {"zoom":"1.25","win":844,"doc":844,"shell":true,"tabTop":783,"underTab":null,"clearOfTab":true}
✓ after phone 1.25 /settings {"zoom":"1.25","win":844,"doc":844,"shell":true,"tabTop":783,"underTab":null,"clearOfTab":true}
✓ after phone 1.5 /today {"zoom":"1.5","win":844,"doc":844,"shell":true,"tabTop":771,"underTab":null,"clearOfTab":true}
✓ after phone 1.5 /calendar {"zoom":"1.5","win":844,"doc":844,"shell":true,"tabTop":771,"underTab":null,"clearOfTab":true}
✓ after phone 1.5 /journal {"zoom":"1.5","win":844,"doc":844,"shell":true,"tabTop":771,"underTab":null,"clearOfTab":true}
✓ after phone 1.5 /settings {"zoom":"1.5","win":844,"doc":844,"shell":true,"tabTop":771,"underTab":null,"clearOfTab":true}
✓ after phone 1.75 /today {"zoom":"1.75","win":844,"doc":844,"shell":true,"tabTop":759,"underTab":null,"clearOfTab":true}
✓ after phone 1.75 /calendar {"zoom":"1.75","win":844,"doc":844,"shell":true,"tabTop":759,"underTab":null,"clearOfTab":true}
✓ after phone 1.75 /journal {"zoom":"1.75","win":844,"doc":844,"shell":true,"tabTop":759,"underTab":null,"clearOfTab":true}
✓ after phone 1.75 /settings {"zoom":"1.75","win":844,"doc":844,"shell":true,"tabTop":759,"underTab":null,"clearOfTab":true}
after: 40 pass, 0 fail
