PASS phone-tap-day centre tap → the capture sheet (a bottom sheet, field + camera + mic + send)
PASS phone-tap-day the field has focus when the click finishes dispatching (same task as the tap) — {"atEnd":"kf-capture-input","active":"kf-capture-input"}
PASS phone-tap-day its first focus() ran inside the click's task, with user activation, called from onClick → openCapture — inClickTask=true activation=true · http://localhost:5262/src/features/command-bar/CommandBar.tsx:187:22 ← flushSyncWorkAcrossRoots_impl (react-dom_client.js:8984:302) ← flushSyncWork$1 (react-dom_client.js:8122:81) ← exports.flushSync (react-dom.js:81:100) ← openCapture (features/command-bar/commandBarStore.ts:20:2) ← onClick (features/capture/CaptureButton.tsx:231:45)
PASS phone-tap-day the sheet sits at the bottom of the screen (not the old overlay at the top) — {"x":0,"y":637,"width":390,"height":207}
PASS phone-tap-day first-run hint "Tap to type · hold to talk" on a first open
PASS phone-tap-day centre button keeps the mic glyph; its name says tap to type, hold to talk
PASS phone-tap-day keyboard up → the sheet rides on it (bottom at 844 − 300) — {"x":0,"y":301,"width":390,"height":243}
PASS phone-tap-day parse chips: date (tomorrow 9) + project — ["TOMORROW · 9:00 AM","WEBSITE"]
PASS phone-tap-day Enter files it like the command bar: a task, title stripped, due tomorrow 09:00 Cairo, in Website — [["Email Priya the slides","2026-10-08 09:00"]]
PASS phone-tap-day …a typed time is a calendar block: tomorrow 09:00–09:30 (capture-block) — [[true,"2026-10-08 09:00","2026-10-08 09:30"]]
PASS phone-tap-day …and the sheet closes
PASS phone-tap-day no page errors
PASS phone-tap-night centre tap → the capture sheet (a bottom sheet, field + camera + mic + send)
PASS phone-tap-night the field has focus when the click finishes dispatching (same task as the tap) — {"atEnd":"kf-capture-input","active":"kf-capture-input"}
PASS phone-tap-night its first focus() ran inside the click's task, with user activation, called from onClick → openCapture — inClickTask=true activation=true · http://localhost:5262/src/features/command-bar/CommandBar.tsx:187:22 ← flushSyncWorkAcrossRoots_impl (react-dom_client.js:8984:302) ← flushSyncWork$1 (react-dom_client.js:8122:81) ← exports.flushSync (react-dom.js:81:100) ← openCapture (features/command-bar/commandBarStore.ts:20:2) ← onClick (features/capture/CaptureButton.tsx:231:45)
PASS phone-tap-night the sheet sits at the bottom of the screen (not the old overlay at the top) — {"x":0,"y":667,"width":390,"height":177}
PASS phone-tap-night first-run hint "Tap to type · hold to talk" gone after 3 opens
PASS phone-tap-night centre button keeps the mic glyph; its name says tap to type, hold to talk
PASS phone-tap-night keyboard up → the sheet rides on it (bottom at 844 − 300) — {"x":0,"y":331,"width":390,"height":213}
PASS phone-tap-night parse chips: date (tomorrow 9) + project — ["TOMORROW · 9:00 AM","WEBSITE"]
PASS phone-tap-night Enter files it like the command bar: a task, title stripped, due tomorrow 09:00 Cairo, in Website — [["Email Priya the slides","2026-10-08 09:00"]]
PASS phone-tap-night …a typed time is a calendar block: tomorrow 09:00–09:30 (capture-block) — [[true,"2026-10-08 09:00","2026-10-08 09:30"]]
PASS phone-tap-night …and the sheet closes
PASS phone-tap-night no page errors
PASS phone-send Send is disabled while the field is empty
PASS phone-send "→ Inbox" chip for a line with no structure
PASS phone-send dismissed and reopened → the draft is still there (kit sheet: dismissing never discards)
PASS phone-send Send → one Inbox capture (captureText), sheet closed; the unsure AI read only annotates that same row — [["ideas for the garden","pending",0.3]]
PASS phone-send no page errors
PASS phone-mic mic → the capture sheet steps aside, the voice sheet is listening — LISTENING · 0:00
say what's on your mind…
Cancel
Stop & file
PASS phone-mic Stop & file → transcribed (fake mic → real MediaRecorder blob) and AI-filed as a task + toast — {"transcribed":1,"tasks":["Call mum"],"toasts":["Added \"Call mum\""]}
PASS phone-mic no page errors
PASS phone-hold hold ≥ 400ms → recording (pill + grown button)
PASS phone-hold release → sent, transcribed, filed — ["Call mum"]
PASS phone-hold the click that ends a hold does not open the capture sheet
PASS phone-hold slide up onto the lock → hands-free bar
PASS phone-hold no page errors
PASS phone-offline-voice offline → the recording is kept ("You're offline…", Save to Inbox untranscribed) — —
NOT TRANSCRIBED YET · 0:02
your recording is still here
You’re offline, so it couldn’t be transcribed.
The audio stays only until you close this sheet. Saving to the Inbox keeps a reminder, not the audio.
Discard
Try again
Save to Inbox untranscribed
PASS phone-offline-voice Save → "Saved to Inbox — not transcribed yet." (queued in the outbox) — ["Saved to Inbox — not transcribed yet."]
PASS phone-offline-voice no page errors
PASS phone-empty-state the field has focus when the click finishes dispatching (same task as the tap) — {"atEnd":"kf-capture-input","active":"kf-capture-input"}
PASS phone-empty-state its first focus() ran inside the click's task, with user activation, called from openCapture → openCapture — inClickTask=true activation=true · http://localhost:5262/src/features/command-bar/CommandBar.tsx:187:22 ← flushSyncWorkAcrossRoots_impl (react-dom_client.js:8984:302) ← flushSyncWork$1 (react-dom_client.js:8122:81) ← exports.flushSync (react-dom.js:81:100) ← openCapture (features/command-bar/commandBarStore.ts:20:2) ← executeDispatch (react-dom_client.js:9141:5)
PASS phone-empty-state no page errors
PASS desktop-day Today's header CTA is "Capture" (no "Voice capture")
PASS desktop-day Capture → the command bar, cursor in the field
PASS desktop-day the field has focus when the click finishes dispatching (same task as the tap) — {"atEnd":"kf-capture-input","active":"kf-capture-input"}
PASS desktop-day its first focus() ran inside the click's task, with user activation, called from openCapture → openCapture — inClickTask=true activation=true · http://localhost:5262/src/features/command-bar/CommandBar.tsx:187:22 ← flushSyncWorkAcrossRoots_impl (react-dom_client.js:8984:302) ← flushSyncWork$1 (react-dom_client.js:8122:81) ← exports.flushSync (react-dom.js:81:100) ← openCapture (features/command-bar/commandBarStore.ts:20:2) ← executeDispatch (react-dom_client.js:9141:5)
PASS desktop-day a mic toggle in the bar (+ the camera keeps its place)
PASS desktop-day mic on → pressed, "Listening" in the hint row
PASS desktop-day mic off → transcribed into the field after what was typed (for review, not filed) — Call the bank tomorrow 3pm about the mortgage
PASS desktop-day …focus back in the field
PASS desktop-day Enter files it: a task due tomorrow 15:00 Cairo — [["Call the bank about the mortgage","2026-10-08 15:00"]]
PASS desktop-day …and on the calendar: a 15:00–15:30 block — [["2026-10-08 15:00","2026-10-08 15:30"]]
PASS desktop-day no page errors
PASS desktop-night Today's header CTA is "Capture" (no "Voice capture")
PASS desktop-night Capture → the command bar, cursor in the field
PASS desktop-night the field has focus when the click finishes dispatching (same task as the tap) — {"atEnd":"kf-capture-input","active":"kf-capture-input"}
PASS desktop-night its first focus() ran inside the click's task, with user activation, called from openCapture → openCapture — inClickTask=true activation=true · http://localhost:5262/src/features/command-bar/CommandBar.tsx:187:22 ← flushSyncWorkAcrossRoots_impl (react-dom_client.js:8984:302) ← flushSyncWork$1 (react-dom_client.js:8122:81) ← exports.flushSync (react-dom.js:81:100) ← openCapture (features/command-bar/commandBarStore.ts:20:2) ← executeDispatch (react-dom_client.js:9141:5)
PASS desktop-night a mic toggle in the bar (+ the camera keeps its place)
PASS desktop-night mic on → pressed, "Listening" in the hint row
PASS desktop-night mic off → transcribed into the field after what was typed (for review, not filed) — Call the bank tomorrow 3pm about the mortgage
PASS desktop-night …focus back in the field
PASS desktop-night Enter files it: a task due tomorrow 15:00 Cairo — [["Call the bank about the mortgage","2026-10-08 15:00"]]
PASS desktop-night …and on the calendar: a 15:00–15:30 block — [["2026-10-08 15:00","2026-10-08 15:30"]]
PASS desktop-night no page errors
PASS desktop-header-tasks header CTA "Capture"
PASS desktop-header-tasks → the bar, focused
PASS desktop-header-tasks no page errors
PASS desktop-header-inbox header CTA "Capture"
PASS desktop-header-inbox → the bar, focused
PASS desktop-header-inbox no page errors
PASS desktop-dictate-kept transcribe fails → the voice sheet keeps the take (Try again · Save · Discard), bar still open
PASS desktop-dictate-kept Try again → the words land in the field (not AI-filed behind your back)
PASS desktop-dictate-kept no page errors
PASS ai-fill-desktop Enter → the task is written at once from the local parse, before the AI answers — [["Call the bank asap , bring the payslips",null]]
PASS ai-fill-desktop …then the AI fills only the empties: priority 1 from "asap", the details as notes, a tidied title; the typed date stands — ["Call the bank",1,"Bring the payslips"]
PASS ai-fill-desktop "✦ Filled by AI: priority, notes" with Undo — ["✦ Filled by AI: priority, notes"]
PASS ai-fill-desktop Undo → back to what was typed (priority, notes, title), date untouched — ["Call the bank asap , bring the payslips",null,null]
PASS ai-fill-desktop no page errors
PASS ai-explicit-wins a typed "!" and "30m" beat the AI (it read priority 1): priority 3, 30m kept; it only adds the notes — [[3,30,"Bring the payslips"]]
PASS ai-explicit-wins no page errors
PASS ai-files-plain-line-phone a plain line lands in the Inbox at once (no AI wait) — ["pending"]
PASS ai-files-plain-line-phone …the AI decides it's a task: filed with priority 1 from "urgent", the Inbox row marked filed — {"t":[["Renew the car licence",1]],"inbox":["pending","filed"]}
PASS ai-files-plain-line-phone "✦ Filed by AI: “Renew the car licence”" with Undo — ["✦ Filed by AI: “Renew the car licence”"]
PASS ai-files-plain-line-phone no page errors
PASS ai-offline offline: no AI call, no AI toast — the local parse stands — []
PASS ai-offline back online → the queued task syncs as typed (nothing lost) — [["Call the bank asap",null]]
PASS ai-offline no page errors
PASS block-4am the chip shows the typed time — TOMORROW · 4:00 AM
↵
QUICK ADD
·
⌘
↵
AI CAPTURE
PASS block-4am "crypto session 4am" → a task due 04:00 AND a 04:00–04:30 block on the calendar — {"due":"2026-10-08 04:00","blocks":[["2026-10-08 04:00","2026-10-08 04:30"]]}
PASS block-4am …the task row carries the block (scheduled_start) — ["2026-10-08T01:00:00.000Z"]
PASS block-4am …and the calendar draws it in 2026-10-08's column
PASS block-4am no page errors
PASS block-date-alone a date alone: the chip says just "Tomorrow" (no clock — no block coming) — TOMORROW
PASS block-date-alone "call Omar tomorrow" → a task due tomorrow, nothing on the calendar — {"due":"2026-10-08 11:23","blocks":0}
PASS block-date-alone no page errors
PASS block-ai-time no typed time: the task is written with no block
PASS block-ai-time the AI reads a time (has_time) → it fills the date AND puts a 05:00–05:30 block on the calendar — {"blocks":[["2026-10-08 05:00","2026-10-08 05:30"]],"toasts":["✦ Filled by AI: date"]}
PASS block-ai-time Undo → the block it made comes off the calendar and the date goes back to none — {"gone":[true],"due":null,"priority":3}
PASS block-ai-time no page errors

100/100 passed
